> Task :app:preBuild UP-TO-DATE
> Task :app:preDebugBuild UP-TO-DATE
> Task :app:mergeDebugNativeDebugMetadata NO-SOURCE
> Task :app:checkKotlinGradlePluginConfigurationErrors SKIPPED
> Task :app:dataBindingMergeDependencyArtifactsDebug UP-TO-DATE
> Task :app:generateDebugResValues UP-TO-DATE
> Task :app:generateDebugResources UP-TO-DATE
> Task :app:mergeDebugResources UP-TO-DATE
> Task :app:packageDebugResources UP-TO-DATE
> Task :app:processDebugNavigationResources UP-TO-DATE
> Task :app:parseDebugLocalResources UP-TO-DATE
> Task :app:dataBindingGenBaseClassesDebug UP-TO-DATE
> Task :app:checkDebugAarMetadata UP-TO-DATE
> Task :app:compileDebugNavigationResources UP-TO-DATE
> Task :app:mapDebugSourceSetPaths UP-TO-DATE
> Task :app:createDebugCompatibleScreenManifests UP-TO-DATE
> Task :app:extractDeepLinksDebug UP-TO-DATE
> Task :app:processDebugMainManifest UP-TO-DATE
> Task :app:processDebugManifest UP-TO-DATE
> Task :app:processDebugManifestForPackage UP-TO-DATE
> Task :app:processDebugResources UP-TO-DATE
> Task :app:kspDebugKotlin UP-TO-DATE
> Task :app:javaPreCompileDebug UP-TO-DATE
> Task :app:mergeDebugShaders UP-TO-DATE
> Task :app:compileDebugShaders NO-SOURCE
> Task :app:generateDebugAssets UP-TO-DATE
> Task :app:mergeDebugAssets UP-TO-DATE
> Task :app:compressDebugAssets UP-TO-DATE
> Task :app:checkDebugDuplicateClasses UP-TO-DATE
> Task :app:desugarDebugFileDependencies UP-TO-DATE
> Task :app:mergeExtDexDebug UP-TO-DATE
> Task :app:mergeLibDexDebug UP-TO-DATE
> Task :app:mergeDebugJniLibFolders UP-TO-DATE
> Task :app:mergeDebugNativeLibs UP-TO-DATE
> Task :app:stripDebugDebugSymbols UP-TO-DATE
> Task :app:validateSigningDebug UP-TO-DATE
> Task :app:writeDebugAppMetadata UP-TO-DATE
> Task :app:writeDebugSigningConfigVersions UP-TO-DATE

> Task :app:compileDebugKotlin FAILED
./gradlew : e: file://
/C:/Users/josem/Androi
dStudioProjects/pokega
me/app/src/main/java/c
om/example/pokegame/Ma
inActivity.kt:41:30 
Unresolved reference '
Theme_Pokegame_HighCon
trast'.
En línea: 1 Carácter: 
1
+ ./gradlew 
assembleDebug 
--console=plain > 
build_output.txt 2>&1
+ ~~~~~~~~~~~~~~~~~~~~
~~~~~~~~~~~~~~~~~~~~~~
~~~~~~~~~~~~~~~~~~~~~
    + CategoryInfo    
          : NotSpeci  
  fied: (e: file://   
 /C:/U..._HighCont    
rast'.:String) []    
, RemoteException
    + FullyQualifiedE 
   rrorId : NativeCo  
  mmandError
 
e: file:///C:/Users/jo
sem/AndroidStudioProje
cts/pokegame/app/src/m
ain/java/com/example/p
okegame/repository/Pok
emonRepository.kt:125:
65 Cannot access 'var 
service: 
UserService?': it is 
private in 'com/exampl
e/pokegame/api/UserRet
rofitClient'.
e: file:///C:/Users/jo
sem/AndroidStudioProje
cts/pokegame/app/src/m
ain/java/com/example/p
okegame/repository/Pok
emonRepository.kt:125:
72 Only safe (?.) or 
non-null asserted 
(!!.) calls are 
allowed on a nullable 
receiver of type 'com.
example.pokegame.api.U
serService?'.

FAILURE: Build failed 
with an exception.

* What went wrong:
Execution failed for 
task ':app:compileDebu
gKotlin'.
> A failure occurred 
while executing org.je
tbrains.kotlin.compile
rRunner.GradleCompiler
RunnerWithWorkers$Grad
leKotlinCompilerWorkAc
tion
   > Compilation 
error. See log for 
more details

* Try:
> Run with 
--stacktrace option 
to get the stack 
trace.
> Run with --info or 
--debug option to get 
more log output.
> Run with --scan to 
get full insights.
> Get more help at htt
ps://help.gradle.org.

BUILD FAILED in 3s
33 actionable tasks: 1 executed, 32 up-to-date
